============================================================
Blaby Bowls Scraper v3 - 2026-05-14 08:09
============================================================

[1/3] Hinckley & District Triples League...
  Blaby A fixtures (f=0): https://www.bowlsresultstwo.co.uk/results24/teamfixtures.php?ly=0&f=0&yearid=2026&d=1&t=2&web=hinckley&m=0&leagueid=1
  Blaby A fixtures (f=1): https://www.bowlsresultstwo.co.uk/results24/teamfixtures.php?ly=0&f=1&yearid=2026&d=1&t=2&web=hinckley&m=0&leagueid=1
    Blaby A: 7 fixtures
  Blaby B fixtures (f=0): https://www.bowlsresultstwo.co.uk/results24/teamfixtures.php?ly=0&f=0&yearid=2026&d=1&t=6&web=hinckley&m=0&leagueid=1
  Blaby B fixtures (f=1): https://www.bowlsresultstwo.co.uk/results24/teamfixtures.php?ly=0&f=1&yearid=2026&d=1&t=6&web=hinckley&m=0&leagueid=1
    Blaby B: 7 fixtures
  Blaby C fixtures (f=0): https://www.bowlsresultstwo.co.uk/results24/teamfixtures.php?ly=0&f=0&yearid=2026&d=4&t=33&web=hinckley&m=0&leagueid=1
  Blaby C fixtures (f=1): https://www.bowlsresultstwo.co.uk/results24/teamfixtures.php?ly=0&f=1&yearid=2026&d=4&t=33&web=hinckley&m=0&leagueid=1
    Blaby C: 7 fixtures
  Hinckley Div 1 table: https://www.bowlsresultstwo.co.uk/results24/tables.php?f=0&d=1&yearid=2026&web=hinckley&m=0&leagueid=1
    Div 1 results: 2 Blaby result(s) found
  Hinckley Div 4 table: https://www.bowlsresultstwo.co.uk/results24/tables.php?f=0&d=4&yearid=2026&web=hinckley&m=0&leagueid=1
    Div 4 results: 1 Blaby result(s) found

[2/3] South Leicestershire Triples League...
  Fetching fixture sheets...
  Fetching Google Sheet CSV: Div 1 Fixtures
    Tab 1 (gid=0): 44 rows
    Total: 37 rows
    Div 1: 7 Blaby fixtures found
  Fetching Google Sheet CSV: Div 2 Fixtures
    Tab 1 (gid=0): 44 rows
    Total: 37 rows
    Div 2: 7 Blaby fixtures found
  Fetching Google Sheet CSV: Div 3 Fixtures
    Tab 1 (gid=0): 44 rows
    Total: 37 rows
    Div 3: 7 Blaby fixtures found
  Fetching Google Sheet CSV: Div 4 Fixtures
    Tab 1 (gid=0): 44 rows
    Total: 37 rows
    Div 4: no Blaby fixtures
  Fetching Google Sheet CSV: Div 5 Fixtures
    Tab 1 (gid=0): 44 rows
    Total: 37 rows
    Div 5: no Blaby fixtures
  Fetching Google Sheet CSV: Div 6 Fixtures
    Tab 1 (gid=0): 65 rows
    Total: 56 rows
    Div 6: no Blaby fixtures
  Fetching results sheet...
    Result: [] Blaby A | 2 | Fleckney A | 8
    Result: [] Evington Park | 8 | Blaby B | 2
    Result: [] Kibworth A | 10 | Blaby C | 0
    Result: [] Goodwood A | 6 | Blaby A | 4
    Result: [] Blaby B | 2 | Kirby Muxloe A | 8
    Result: [] Blaby C | 10 | Western Park | 0
    Result: [] Blaby A | 8 | Westcotes A | 2
    Result: [] Enderby A | 2 | Blaby B | 8
    Result: [] Shakespeare Park | 8 | Blaby C | 2
    Date resolved: blaby a vs fleckney a → 12th May 2026
    Date resolved: blaby b vs evington park → 12th May 2026
    Date resolved: blaby c vs kibworth a → 12th May 2026
    Date resolved: blaby a vs goodwood a → 5th May 2026
    Date resolved: blaby b vs kirby muxloe a → 5th May 2026
    Date resolved: blaby c vs western park → 5th May 2026
    Date resolved: blaby a vs westcotes a → 28th April 2026
    Date resolved: blaby b vs enderby a → 28th April 2026
    Date resolved: blaby c vs shakespeare park → 28th April 2026
  Fetching tables sheet...
    [WARN] CSV export returned 400 for League Tables, trying htmlembed...
    Got 57 rows via gviz/tq
    Total: 21 fixtures, 9 results

[3/3] Leicester Bowls League (Division 1 only)...
  [Leicester] Division 1 URL unchanged
  [Leicester] League Tables 2026 URL unchanged
  Downloading: Division 1
    Division 1: 1 table(s), 82 total rows, 10 Blaby rows
    Division 1: 10 Blaby rows, 82 total rows
  Downloading: League Tables 2026
    League Tables 2026: 1 table(s), 35 total rows, 1 Blaby rows
    League Tables 2026: 1 Blaby rows, 35 total rows

Generating HTML files...
    Leicester table: 82 rows x 23 cols
    Detected 2 column group(s) starting at columns: [0, 12]
    Leicester parsed: 10 Blaby fixtures found
      29th April: Fosseway v Blaby (55 - 70)
      6th May: Blaby v Birstall (77 - 46)
      13th May: Blaby v Kingscroft (upcoming)
      20th May: Countesthorpe v Blaby (upcoming)
      27th May: Westcotes v Blaby (upcoming)
      10th June: Blaby v Fosseway (upcoming)
      24th June: Birstall v Blaby (upcoming)
      8th July: Kingscroft v Blaby (upcoming)
      22nd July: Blaby v Countesthorpe (upcoming)
      29th July: Blaby v Westcotes (upcoming)
    Leicester table: 82 rows x 23 cols
    Detected 2 column group(s) starting at columns: [0, 12]
    Leicester parsed: 10 Blaby fixtures found
      29th April: Fosseway v Blaby (55 - 70)
      6th May: Blaby v Birstall (77 - 46)
      13th May: Blaby v Kingscroft (upcoming)
      20th May: Countesthorpe v Blaby (upcoming)
      27th May: Westcotes v Blaby (upcoming)
      10th June: Blaby v Fosseway (upcoming)
      24th June: Birstall v Blaby (upcoming)
      8th July: Kingscroft v Blaby (upcoming)
      22nd July: Blaby v Countesthorpe (upcoming)
      29th July: Blaby v Westcotes (upcoming)
  Written: index.html
  Written: fixtures.html
  Written: results.html
  Written: table-hinckley-div1.html
  Written: table-hinckley-div4.html
  Written: table-south-leics.html
  Written: table-leicester.html

Pushing to GitHub Pages...
  Pushed to GitHub at 2026-05-14 08:09
  Telegram notification sent.

Done! Live at https://andygoodger-svg.github.io/blaby-bowls/
============================================================
============================================================
Blaby Bowls Scraper v3 - 2026-05-15 07:00
============================================================

[1/3] Hinckley & District Triples League...
  Blaby A fixtures (f=0): https://www.bowlsresultstwo.co.uk/results24/teamfixtures.php?ly=0&f=0&yearid=2026&d=1&t=2&web=hinckley&m=0&leagueid=1
  Blaby A fixtures (f=1): https://www.bowlsresultstwo.co.uk/results24/teamfixtures.php?ly=0&f=1&yearid=2026&d=1&t=2&web=hinckley&m=0&leagueid=1
    Blaby A: 7 fixtures
  Blaby B fixtures (f=0): https://www.bowlsresultstwo.co.uk/results24/teamfixtures.php?ly=0&f=0&yearid=2026&d=1&t=6&web=hinckley&m=0&leagueid=1
  Blaby B fixtures (f=1): https://www.bowlsresultstwo.co.uk/results24/teamfixtures.php?ly=0&f=1&yearid=2026&d=1&t=6&web=hinckley&m=0&leagueid=1
    Blaby B: 7 fixtures
  Blaby C fixtures (f=0): https://www.bowlsresultstwo.co.uk/results24/teamfixtures.php?ly=0&f=0&yearid=2026&d=4&t=33&web=hinckley&m=0&leagueid=1
  Blaby C fixtures (f=1): https://www.bowlsresultstwo.co.uk/results24/teamfixtures.php?ly=0&f=1&yearid=2026&d=4&t=33&web=hinckley&m=0&leagueid=1
    Blaby C: 7 fixtures
  Hinckley Div 1 table: https://www.bowlsresultstwo.co.uk/results24/tables.php?f=0&d=1&yearid=2026&web=hinckley&m=0&leagueid=1
    Div 1 results: 2 Blaby result(s) found
  Hinckley Div 4 table: https://www.bowlsresultstwo.co.uk/results24/tables.php?f=0&d=4&yearid=2026&web=hinckley&m=0&leagueid=1
    Div 4 results: 1 Blaby result(s) found

[2/3] South Leicestershire Triples League...
  Fetching fixture sheets...
  Fetching Google Sheet CSV: Div 1 Fixtures
    Tab 1 (gid=0): 44 rows
    Total: 37 rows
    Div 1: 7 Blaby fixtures found
  Fetching Google Sheet CSV: Div 2 Fixtures
    Tab 1 (gid=0): 44 rows
    Total: 37 rows
    Div 2: 7 Blaby fixtures found
  Fetching Google Sheet CSV: Div 3 Fixtures
    Tab 1 (gid=0): 44 rows
    Total: 37 rows
    Div 3: 7 Blaby fixtures found
  Fetching Google Sheet CSV: Div 4 Fixtures
    Tab 1 (gid=0): 44 rows
    Total: 37 rows
    Div 4: no Blaby fixtures
  Fetching Google Sheet CSV: Div 5 Fixtures
    Tab 1 (gid=0): 44 rows
    Total: 37 rows
    Div 5: no Blaby fixtures
  Fetching Google Sheet CSV: Div 6 Fixtures
    Tab 1 (gid=0): 65 rows
    Total: 56 rows
    Div 6: no Blaby fixtures
  Fetching results sheet...
    Result: [] Blaby A | 2 | Fleckney A | 8
    Result: [] Evington Park | 8 | Blaby B | 2
    Result: [] Kibworth A | 10 | Blaby C | 0
    Result: [] Goodwood A | 6 | Blaby A | 4
    Result: [] Blaby B | 2 | Kirby Muxloe A | 8
    Result: [] Blaby C | 10 | Western Park | 0
    Result: [] Blaby A | 8 | Westcotes A | 2
    Result: [] Enderby A | 2 | Blaby B | 8
    Result: [] Shakespeare Park | 8 | Blaby C | 2
    Date resolved: blaby a vs fleckney a → 12th May 2026
    Date resolved: blaby b vs evington park → 12th May 2026
    Date resolved: blaby c vs kibworth a → 12th May 2026
    Date resolved: blaby a vs goodwood a → 5th May 2026
    Date resolved: blaby b vs kirby muxloe a → 5th May 2026
    Date resolved: blaby c vs western park → 5th May 2026
    Date resolved: blaby a vs westcotes a → 28th April 2026
    Date resolved: blaby b vs enderby a → 28th April 2026
    Date resolved: blaby c vs shakespeare park → 28th April 2026
  Fetching tables sheet...
    [WARN] CSV export returned 400 for League Tables, trying htmlembed...
    Got 57 rows via gviz/tq
    Total: 21 fixtures, 9 results

[3/3] Leicester Bowls League (Division 1 only)...
  [Leicester] Updated Division 1 URL (new GUID found on page)
  [Leicester] Updated League Tables 2026 URL (new GUID found on page)
  Downloading: Division 1
    Division 1: 1 table(s), 82 total rows, 10 Blaby rows
    Division 1: 10 Blaby rows, 82 total rows
  Downloading: League Tables 2026
    League Tables 2026: 1 table(s), 35 total rows, 1 Blaby rows
    League Tables 2026: 1 Blaby rows, 35 total rows

Generating HTML files...
    Leicester table: 82 rows x 23 cols
    Detected 2 column group(s) starting at columns: [0, 12]
    Leicester parsed: 10 Blaby fixtures found
      29th April: Fosseway v Blaby (55 - 70)
      6th May: Blaby v Birstall (77 - 46)
      13th May: Blaby v Kingscroft (51 - 59)
      20th May: Countesthorpe v Blaby (upcoming)
      27th May: Westcotes v Blaby (upcoming)
      10th June: Blaby v Fosseway (upcoming)
      24th June: Birstall v Blaby (upcoming)
      8th July: Kingscroft v Blaby (upcoming)
      22nd July: Blaby v Countesthorpe (upcoming)
      29th July: Blaby v Westcotes (upcoming)
    Leicester table: 82 rows x 23 cols
    Detected 2 column group(s) starting at columns: [0, 12]
    Leicester parsed: 10 Blaby fixtures found
      29th April: Fosseway v Blaby (55 - 70)
      6th May: Blaby v Birstall (77 - 46)
      13th May: Blaby v Kingscroft (51 - 59)
      20th May: Countesthorpe v Blaby (upcoming)
      27th May: Westcotes v Blaby (upcoming)
      10th June: Blaby v Fosseway (upcoming)
      24th June: Birstall v Blaby (upcoming)
      8th July: Kingscroft v Blaby (upcoming)
      22nd July: Blaby v Countesthorpe (upcoming)
      29th July: Blaby v Westcotes (upcoming)
  Written: index.html
  Written: fixtures.html
  Written: results.html
  Written: table-hinckley-div1.html
  Written: table-hinckley-div4.html
  Written: table-south-leics.html
  Written: table-leicester.html

Pushing to GitHub Pages...
  Pushed to GitHub at 2026-05-15 07:00
  Telegram notification sent.

Done! Live at https://andygoodger-svg.github.io/blaby-bowls/
============================================================
